// Jest Snapshot v1, https://goo.gl/fbAQLP

exports[`renders Toolbar component 1`] = `ShallowWrapper {}`;
