// Jest Snapshot v1, https://goo.gl/fbAQLP

exports[`renders navigator component 1`] = `ShallowWrapper {}`;
