// Jest Snapshot v1, https://goo.gl/fbAQLP

exports[`renders todo component 1`] = `ShallowWrapper {}`;
